
T7667a.hs:8:10: error:
    • Illegal variable name: ‘False’
      When splicing a TH expression: False
    • In the untyped splice: $(return $ VarE (mkName "False"))
