
TH_dupdecl.hs:10:2: error:
    Multiple declarations of ‘x’
    Declared at: TH_dupdecl.hs:8:2
                 TH_dupdecl.hs:10:2
