type TH_reifyLinear.T = GHC.Types.Int #-> GHC.Types.Int
