
ExplicitSpecificity3.hs:5:17: error: parse error on input ‘}’
