
T14048c.hs:9:1: error:
    • Data instance has non-* return kind ‘Constraint’
    • In the data instance declaration for ‘Foo’
