
T16829a.hs:9:1: error:
    • Newtype has non-* return kind ‘TYPE 'IntRep’
      Perhaps you intended to use UnliftedNewtypes
    • In the newtype declaration for ‘T’
