
UnliftedNewtypesNotEnabled.hs:9:1: error:
    • Newtype has non-* return kind ‘TYPE 'GHC.Types.IntRep’
      Perhaps you intended to use UnliftedNewtypes
    • In the newtype declaration for ‘Baz’
