[1 of 1] Compiling T17669           ( T17669.hs, T17669.o )
Ok, one module loaded.
this
[1 of 1] Compiling T17669           ( T17669.hs, T17669.o )
Ok, one module loaded.
that
