
T16356_Fail1.hs:10:3: error:
    • Illegal argument ‘*’ in:
        ‘type T @(*) a = Maybe a’
        The arguments to ‘T’ must all be distinct type variables
    • In the default type instance declaration for ‘T’
      In the class declaration for ‘C’
