mod183.hs:5:26: Multiple occurrences of 'qualified'
