
mod70.hs:3:9: error:
    Lazy pattern in expression context: ~1
    Did you mean to add a space after the '~'?
