
T11077.hs:5:1: warning: [-Wmissing-exported-signatures]
    Top-level binding with no type signature: foo :: a
