
T7959.hs:5:1: error:
    • Can't make a derived instance of ‘A’: Try enabling DeriveAnyClass
    • In the stand-alone deriving instance for ‘A’

T7959.hs:6:17: error:
    • ‘A’ is not a unary constraint, as expected by a deriving clause
    • In the data declaration for ‘B’
