
==================== Strictness signatures ====================
T17932.$tc'Options:
T17932.$tc'X:
T17932.$tcOptions:
T17932.$tcX:
T17932.$trModule:
T17932.flags: <S(SS),1*U(1*U,1*U)>



==================== Cpr signatures ====================
T17932.$tc'Options:
T17932.$tc'X:
T17932.$tcOptions:
T17932.$tcX:
T17932.$trModule:
T17932.flags:



==================== Strictness signatures ====================
T17932.$tc'Options:
T17932.$tc'X:
T17932.$tcOptions:
T17932.$tcX:
T17932.$trModule:
T17932.flags: <S(SS),1*U(1*U,1*U)>


