
==================== Strictness signatures ====================
Foo.$trModule:
Foo.f: <S(S),1*U(1*U)><S,1*U(U)><S,1*U(U)>
Foo.g: <S(SS),1*U(1*U(U),1*U(U))>



==================== Cpr signatures ====================
Foo.$trModule:
Foo.f: m1
Foo.g: m1



==================== Strictness signatures ====================
Foo.$trModule:
Foo.f: <S(S),1*U(1*U)><S,1*U(U)><S,1*U(U)>
Foo.g: <S(SS),1*U(1*U(U),1*U(U))>


